<html>
<body>
<pre>
<h1>µVision Build Log</h1>
<h2>Project:</h2>
D:\Kei_MDK\STM32\an3268\stm32vldiscovery_package\Project\Examples\Flash Program\MDK-ARM\Flash Program.uvproj
Project File Date:  01/14/2011

<h2>Output:</h2>
Build target 'Flash Program'
compiling main.c...
linking...
Program Size: Code=740 RO-data=320 RW-data=20 ZI-data=1028  
".\Debug\Flash Program.axf" - 0 Error(s), 0 Warning(s).
Load "D:\\Kei_MDK\\STM32\\an3268\\stm32vldiscovery_package\\Project\\Examples\\Flash Program\\MDK-ARM\\Debug\\Flash Program.AXF" 
Build target 'Flash Program'
compiling main.c...
linking...
Program Size: Code=764 RO-data=320 RW-data=20 ZI-data=1028  
".\Debug\Flash Program.axf" - 0 Error(s), 0 Warning(s).
Load "D:\\Kei_MDK\\STM32\\an3268\\stm32vldiscovery_package\\Project\\Examples\\Flash Program\\MDK-ARM\\Debug\\Flash Program.AXF" 
Build target 'Flash Program'
compiling main.c...
linking...
Program Size: Code=760 RO-data=320 RW-data=20 ZI-data=1028  
".\Debug\Flash Program.axf" - 0 Error(s), 0 Warning(s).
Load "D:\\Kei_MDK\\STM32\\an3268\\stm32vldiscovery_package\\Project\\Examples\\Flash Program\\MDK-ARM\\Debug\\Flash Program.AXF" 
